2024-11-04 11:39:22 INFO  [background-preinit] o.h.validator.internal.util.Version - HV000001: Hibernate Validator 8.0.1.Final
2024-11-04 11:39:22 INFO  [restartedMain] c.u.d.e.e.TransparencyApiUserApplication - Starting TransparencyApiUserApplication using Java 21.0.4 with PID 20152 (C:\Users\adolf\Downloads\transparencia\repository\etransparency-api-user\target\classes started by adolf in C:\Users\adolf\Downloads\transparencia\repository\etransparency-api-user)
2024-11-04 11:39:22 INFO  [restartedMain] c.u.d.e.e.TransparencyApiUserApplication - No active profile set, falling back to 1 default profile: "default"
2024-11-04 11:39:22 INFO  [restartedMain] o.s.b.d.e.DevToolsPropertyDefaultsPostProcessor - Devtools property defaults active! Set 'spring.devtools.add-properties' to 'false' to disable
2024-11-04 11:39:22 INFO  [restartedMain] o.s.b.d.e.DevToolsPropertyDefaultsPostProcessor - For additional web related logging consider setting the 'logging.level.web' property to 'DEBUG'
2024-11-04 11:39:23 INFO  [restartedMain] o.s.d.r.c.RepositoryConfigurationDelegate - Bootstrapping Spring Data JPA repositories in DEFAULT mode.
2024-11-04 11:39:24 INFO  [restartedMain] o.s.d.r.c.RepositoryConfigurationDelegate - Finished Spring Data repository scanning in 150 ms. Found 7 JPA repository interfaces.
2024-11-04 11:39:25 INFO  [restartedMain] o.s.b.w.e.tomcat.TomcatWebServer - Tomcat initialized with port 8081 (http)
2024-11-04 11:39:25 INFO  [restartedMain] o.a.coyote.http11.Http11NioProtocol - Initializing ProtocolHandler ["http-nio-8081"]
2024-11-04 11:39:25 INFO  [restartedMain] o.a.catalina.core.StandardService - Starting service [Tomcat]
2024-11-04 11:39:25 INFO  [restartedMain] o.a.catalina.core.StandardEngine - Starting Servlet engine: [Apache Tomcat/10.1.30]
2024-11-04 11:39:25 INFO  [restartedMain] o.a.c.c.C.[Tomcat].[localhost].[/] - Initializing Spring embedded WebApplicationContext
2024-11-04 11:39:25 INFO  [restartedMain] o.s.b.w.s.c.ServletWebServerApplicationContext - Root WebApplicationContext: initialization completed in 3371 ms
2024-11-04 11:39:25 INFO  [restartedMain] com.zaxxer.hikari.HikariDataSource - HikariPool-1 - Starting...
2024-11-04 11:39:26 INFO  [restartedMain] com.zaxxer.hikari.pool.HikariPool - HikariPool-1 - Added connection org.postgresql.jdbc.PgConnection@1d20e6df
2024-11-04 11:39:26 INFO  [restartedMain] com.zaxxer.hikari.HikariDataSource - HikariPool-1 - Start completed.
2024-11-04 11:39:26 INFO  [restartedMain] o.s.b.a.h.H2ConsoleAutoConfiguration - H2 console available at '/h2-console'. Database available at 'jdbc:postgresql://localhost:5432/transparencia_db'
2024-11-04 11:39:26 INFO  [restartedMain] o.h.jpa.internal.util.LogHelper - HHH000204: Processing PersistenceUnitInfo [name: default]
2024-11-04 11:39:26 INFO  [restartedMain] org.hibernate.Version - HHH000412: Hibernate ORM core version 6.4.10.Final
2024-11-04 11:39:26 INFO  [restartedMain] o.h.c.i.RegionFactoryInitiator - HHH000026: Second-level cache disabled
2024-11-04 11:39:27 INFO  [restartedMain] o.s.o.j.p.SpringPersistenceUnitInfo - No LoadTimeWeaver setup: ignoring JPA class transformer
2024-11-04 11:39:29 INFO  [restartedMain] o.h.e.t.j.p.i.JtaPlatformInitiator - HHH000489: No JTA platform available (set 'hibernate.transaction.jta.platform' to enable JTA platform integration)
2024-11-04 11:39:29 INFO  [restartedMain] o.s.o.j.LocalContainerEntityManagerFactoryBean - Initialized JPA EntityManagerFactory for persistence unit 'default'
2024-11-04 11:39:30 INFO  [restartedMain] o.s.d.j.r.query.QueryEnhancerFactory - Hibernate is in classpath; If applicable, HQL parser will be used.
2024-11-04 11:39:31 WARN  [restartedMain] o.s.b.a.o.j.JpaBaseConfiguration$JpaWebConfiguration - spring.jpa.open-in-view is enabled by default. Therefore, database queries may be performed during view rendering. Explicitly configure spring.jpa.open-in-view to disable this warning
2024-11-04 11:39:32 INFO  [restartedMain] o.s.s.web.DefaultSecurityFilterChain - Will secure any request with [org.springframework.security.web.session.DisableEncodeUrlFilter@1ba5e5b, org.springframework.security.web.context.request.async.WebAsyncManagerIntegrationFilter@6f986c1f, org.springframework.security.web.context.SecurityContextHolderFilter@52507780, org.springframework.security.web.header.HeaderWriterFilter@27dcd9d2, org.springframework.web.filter.CorsFilter@7e734fce, org.springframework.security.web.authentication.logout.LogoutFilter@478fe674, com.ufro.dci.etransparency.etransparency_api_user.config.security.filters.JwtAuthorizationFilter@3a7bd24c, com.ufro.dci.etransparency.etransparency_api_user.config.security.filters.JwtAuthenticationFilter@270e3ea1, org.springframework.security.web.savedrequest.RequestCacheAwareFilter@697e6b9b, org.springframework.security.web.servletapi.SecurityContextHolderAwareRequestFilter@6586419c, org.springframework.security.web.authentication.AnonymousAuthenticationFilter@7415f49d, org.springframework.security.web.session.SessionManagementFilter@5a3cff20, org.springframework.security.web.access.ExceptionTranslationFilter@72b18db7, org.springframework.security.web.access.intercept.AuthorizationFilter@2ef8069d]
2024-11-04 11:39:32 INFO  [restartedMain] o.s.b.d.a.OptionalLiveReloadServer - LiveReload server is running on port 35729
2024-11-04 11:39:32 INFO  [restartedMain] o.a.coyote.http11.Http11NioProtocol - Starting ProtocolHandler ["http-nio-8081"]
2024-11-04 11:39:32 INFO  [restartedMain] o.s.b.w.e.tomcat.TomcatWebServer - Tomcat started on port 8081 (http) with context path ''
2024-11-04 11:39:32 INFO  [restartedMain] c.u.d.e.e.TransparencyApiUserApplication - Started TransparencyApiUserApplication in 11.013 seconds (process running for 11.97)
